[debug] [2026-08-13T18:03:53.733Z] ----------------------------------------------------------------------
[debug] [2026-08-13T18:03:53.739Z] Command:       C:\Program Files\nodejs\node.exe C:\Users\The Marketing Mindz\AppData\Roaming\npm\node_modules\firebase-tools\lib\bin\firebase.js deploy
[debug] [2026-08-13T18:03:53.740Z] CLI Version:   15.26.0
[debug] [2026-08-13T18:03:53.740Z] Platform:      win32
[debug] [2026-08-13T18:03:53.740Z] Node Version:  v24.15.0
[debug] [2026-08-13T18:03:53.741Z] Detected Agent: unknown
[debug] [2026-08-13T18:03:53.741Z] Time:          Thu Aug 13 2026 23:03:53 GMT+0500 (Pakistan Standard Time)
[debug] [2026-08-13T18:03:53.741Z] ----------------------------------------------------------------------
[debug] 
[debug] [2026-08-13T18:03:53.786Z] >>> [apiv2][query] GET https://firebase-public.firebaseio.com/cli.json [none]
[debug] [2026-08-13T18:03:57.954Z] > command requires scopes: ["email","openid","https://www.googleapis.com/auth/cloudplatformprojects.readonly","https://www.googleapis.com/auth/firebase","https://www.googleapis.com/auth/cloud-platform"]
[debug] [2026-08-13T18:03:57.955Z] > authorizing via signed-in user (ryansant@atozlandscapingmore.com)
[debug] [2026-08-13T18:03:57.955Z] [iam] checking project atozlandscapingandmore for permissions ["firebase.projects.get","firebasehosting.sites.update"]
[debug] [2026-08-13T18:03:57.956Z] Checked if tokens are valid: false, expires at: 1786557009258
[debug] [2026-08-13T18:03:57.956Z] Checked if tokens are valid: false, expires at: 1786557009258
[debug] [2026-08-13T18:03:57.957Z] > refreshing access token with scopes: []
[debug] [2026-08-13T18:03:57.959Z] >>> [apiv2][query] POST https://www.googleapis.com/oauth2/v3/token [none]
[debug] [2026-08-13T18:03:57.959Z] >>> [apiv2][body] POST https://www.googleapis.com/oauth2/v3/token [omitted]
[debug] [2026-08-13T18:03:58.493Z] <<< [apiv2][status] POST https://www.googleapis.com/oauth2/v3/token 400
[debug] [2026-08-13T18:03:58.494Z] <<< [apiv2][body] POST https://www.googleapis.com/oauth2/v3/token [omitted]
[error] Authentication Error: Your credentials are no longer valid. Please run firebase login --reauth

For CI servers and headless environments, generate a new token with firebase login:ci
[error] Authentication Error: Your credentials are no longer valid. Please run firebase login --reauth

For CI servers and headless environments, generate a new token with firebase login:ci
[debug] [2026-08-13T18:03:58.497Z] [iam] error while checking permissions, command may fail: Authentication Error: Your credentials are no longer valid. Please run firebase login --reauth

For CI servers and headless environments, generate a new token with firebase login:ci
[debug] [2026-08-13T18:03:58.500Z] Checked if tokens are valid: false, expires at: 1786557009258
[debug] [2026-08-13T18:03:58.500Z] Checked if tokens are valid: false, expires at: 1786557009258
[debug] [2026-08-13T18:03:58.500Z] > refreshing access token with scopes: []
[debug] [2026-08-13T18:03:58.502Z] >>> [apiv2][query] POST https://www.googleapis.com/oauth2/v3/token [none]
[debug] [2026-08-13T18:03:58.503Z] >>> [apiv2][body] POST https://www.googleapis.com/oauth2/v3/token [omitted]
[debug] [2026-08-13T18:03:58.864Z] <<< [apiv2][status] GET https://firebase-public.firebaseio.com/cli.json 200
[debug] [2026-08-13T18:03:58.864Z] <<< [apiv2][body] GET https://firebase-public.firebaseio.com/cli.json {"cloudBuildErrorAfter":1594252800000,"cloudBuildWarnAfter":1590019200000,"defaultNode10After":1594252800000,"minVersion":"3.0.5","node8DeploysDisabledAfter":1613390400000,"node8RuntimeDisabledAfter":1615809600000,"node8WarnAfter":1600128000000}
[debug] [2026-08-13T18:03:59.020Z] <<< [apiv2][status] POST https://www.googleapis.com/oauth2/v3/token 400
[debug] [2026-08-13T18:03:59.020Z] <<< [apiv2][body] POST https://www.googleapis.com/oauth2/v3/token [omitted]
[error] Authentication Error: Your credentials are no longer valid. Please run firebase login --reauth

For CI servers and headless environments, generate a new token with firebase login:ci
[error] Authentication Error: Your credentials are no longer valid. Please run firebase login --reauth

For CI servers and headless environments, generate a new token with firebase login:ci
[debug] [2026-08-13T18:03:59.023Z] Authentication Error: Your credentials are no longer valid. Please run firebase login --reauth

For CI servers and headless environments, generate a new token with firebase login:ci
[error] 
[error] Error: Assertion failed: resolving hosting target of a site with no site name or target name. This should have caused an error earlier
